Distilling on cuda; logs in runs/20260910-121825-distill
teacher checkpoints/20260910-092008_iter800.pt  {'in_channels': 25, 'policy_channels': 3, 'base_channels': 64, 'value_hidden': 256}  2,187,652 params
student channels=(34, 34, 36)  166,778 params (138,873 policy-only, which is what gets baked)
[iter 0] kl=0.2761 agree=0.169 beta=0.00 states=960 decisions=3187 collect=5.1s train=1.9s
[iter 1] kl=0.1984 agree=0.193 beta=0.03 states=960 decisions=3305 collect=2.5s train=1.0s
[iter 2] kl=0.1797 agree=0.245 beta=0.07 states=960 decisions=3275 collect=2.3s train=1.0s
[iter 3] kl=0.1234 agree=0.256 beta=0.10 states=960 decisions=3280 collect=2.6s train=1.0s
[iter 4] kl=0.1326 agree=0.245 beta=0.13 states=960 decisions=3239 collect=2.3s train=1.0s
[iter 5] kl=0.1917 agree=0.306 beta=0.17 states=960 decisions=3209 collect=2.7s train=1.0s
[iter 6] kl=0.1365 agree=0.290 beta=0.20 states=960 decisions=3202 collect=2.5s train=1.0s
[iter 7] kl=0.1221 agree=0.290 beta=0.23 states=960 decisions=3210 collect=2.4s train=1.0s
[iter 8] kl=0.1627 agree=0.312 beta=0.27 states=960 decisions=3230 collect=2.6s train=2.3s
[iter 9] kl=0.1129 agree=0.267 beta=0.30 states=960 decisions=3234 collect=2.6s train=1.0s
[iter 10] kl=0.1299 agree=0.310 beta=0.33 states=960 decisions=3275 collect=2.5s train=1.0s
[iter 11] kl=0.1039 agree=0.287 beta=0.37 states=960 decisions=3305 collect=2.4s train=1.0s
[iter 12] kl=0.1672 agree=0.347 beta=0.40 states=960 decisions=3221 collect=2.7s train=1.0s
[iter 13] kl=0.1339 agree=0.322 beta=0.43 states=960 decisions=3223 collect=2.5s train=1.0s
[iter 14] kl=0.1283 agree=0.328 beta=0.47 states=960 decisions=3285 collect=2.6s train=1.0s
[iter 15] kl=0.1300 agree=0.351 beta=0.50 states=960 decisions=3182 collect=2.6s train=1.1s
[iter 16] kl=0.1427 agree=0.377 beta=0.53 states=960 decisions=3254 collect=3.0s train=1.4s
[iter 17] kl=0.0955 agree=0.321 beta=0.57 states=960 decisions=3308 collect=4.7s train=1.1s
[iter 18] kl=0.1440 agree=0.379 beta=0.60 states=960 decisions=3230 collect=2.9s train=1.0s
[iter 19] kl=0.1473 agree=0.410 beta=0.63 states=960 decisions=3146 collect=2.7s train=1.0s
[iter 20] kl=0.1103 agree=0.345 beta=0.67 states=960 decisions=3252 collect=2.7s train=1.0s
[iter 21] kl=0.1416 agree=0.424 beta=0.70 states=960 decisions=3282 collect=2.7s train=1.0s
[iter 22] kl=0.1167 agree=0.350 beta=0.73 states=960 decisions=3241 collect=2.8s train=1.1s
[iter 23] kl=0.1066 agree=0.395 beta=0.77 states=960 decisions=3241 collect=2.7s train=1.0s
[iter 24] kl=0.1260 agree=0.384 beta=0.80 states=960 decisions=3218 collect=2.8s train=1.1s
[iter 24] checkpoint saved: checkpoints/20260910-121825-distill_iter25.pt

  student @ iter 25 - 100 greedy episodes vs each boss (34s)
boss           score      opp    margin    win   conn   zero
------------------------------------------------------------
level1          2881        0     +2881   1.00    63%     0%
level1Pro       2783       63     +2720   1.00    58%     0%
level2          4307     2085     +2222   0.97    97%     0%
level2Pro       4537     2787     +1750   0.95   100%     0%

[iter 25] kl=0.0869 agree=0.331 beta=0.83 states=960 decisions=3210 collect=2.8s train=1.1s
[iter 26] kl=0.0891 agree=0.350 beta=0.87 states=960 decisions=3292 collect=2.8s train=1.1s
[iter 27] kl=0.1347 agree=0.375 beta=0.90 states=960 decisions=3243 collect=3.1s train=1.1s
[iter 28] kl=0.1166 agree=0.348 beta=0.93 states=960 decisions=3165 collect=2.7s train=1.0s
[iter 29] kl=0.1106 agree=0.364 beta=0.97 states=960 decisions=3184 collect=2.9s train=1.1s
[iter 30] kl=0.1225 agree=0.399 beta=1.00 states=960 decisions=3124 collect=2.8s train=1.0s
[iter 31] kl=0.0777 agree=0.348 beta=1.00 states=960 decisions=3272 collect=2.5s train=1.0s
[iter 32] kl=0.1045 agree=0.374 beta=1.00 states=960 decisions=3225 collect=2.7s train=1.0s
[iter 33] kl=0.1365 agree=0.422 beta=1.00 states=960 decisions=3094 collect=2.7s train=0.9s
[iter 34] kl=0.1458 agree=0.416 beta=1.00 states=960 decisions=3266 collect=3.0s train=1.1s
[iter 35] kl=0.1151 agree=0.374 beta=1.00 states=960 decisions=3326 collect=2.9s train=1.1s
[iter 36] kl=0.1017 agree=0.388 beta=1.00 states=960 decisions=3262 collect=2.9s train=1.1s
[iter 37] kl=0.1124 agree=0.370 beta=1.00 states=960 decisions=3262 collect=2.9s train=1.1s
[iter 38] kl=0.0950 agree=0.356 beta=1.00 states=960 decisions=3172 collect=3.8s train=1.1s
[iter 39] kl=0.1007 agree=0.394 beta=1.00 states=960 decisions=3181 collect=2.9s train=1.2s
[iter 40] kl=0.0955 agree=0.333 beta=1.00 states=960 decisions=3254 collect=3.0s train=1.4s
[iter 41] kl=0.0844 agree=0.359 beta=1.00 states=960 decisions=3179 collect=2.7s train=1.2s
[iter 42] kl=0.0705 agree=0.293 beta=1.00 states=960 decisions=3226 collect=2.6s train=1.2s
[iter 43] kl=0.1008 agree=0.373 beta=1.00 states=960 decisions=3255 collect=2.6s train=1.2s
[iter 44] kl=0.1058 agree=0.419 beta=1.00 states=960 decisions=3241 collect=2.7s train=1.3s
[iter 45] kl=0.1025 agree=0.357 beta=1.00 states=960 decisions=3202 collect=2.7s train=1.1s
[iter 46] kl=0.0867 agree=0.368 beta=1.00 states=960 decisions=3193 collect=3.9s train=1.0s
[iter 47] kl=0.0916 agree=0.364 beta=1.00 states=960 decisions=3199 collect=2.7s train=1.0s
[iter 48] kl=0.0940 agree=0.365 beta=1.00 states=960 decisions=3192 collect=2.5s train=1.0s
[iter 49] kl=0.0726 agree=0.344 beta=1.00 states=960 decisions=3183 collect=2.6s train=0.9s
[iter 49] checkpoint saved: checkpoints/20260910-121825-distill_iter50.pt

  student @ iter 50 - 100 greedy episodes vs each boss (32s)
boss           score      opp    margin    win   conn   zero
------------------------------------------------------------
level1          2820        0     +2820   0.99    61%     1%
level1Pro       2535       65     +2470   1.00    54%     0%
level2          4253     2080     +2173   0.91    96%     0%
level2Pro       4509     2884     +1625   0.87   100%     0%

[iter 50] kl=0.0997 agree=0.446 beta=1.00 states=960 decisions=3241 collect=2.6s train=1.1s
[iter 51] kl=0.1022 agree=0.354 beta=1.00 states=960 decisions=3224 collect=2.9s train=1.1s
[iter 52] kl=0.1054 agree=0.418 beta=1.00 states=960 decisions=3168 collect=2.8s train=1.0s
[iter 53] kl=0.0921 agree=0.372 beta=1.00 states=960 decisions=3247 collect=2.8s train=1.2s
[iter 54] kl=0.1126 agree=0.368 beta=1.00 states=960 decisions=3362 collect=3.6s train=1.3s
[iter 55] kl=0.0997 agree=0.408 beta=1.00 states=960 decisions=3264 collect=3.6s train=1.3s
[iter 56] kl=0.1152 agree=0.429 beta=1.00 states=960 decisions=3151 collect=3.7s train=1.3s
[iter 57] kl=0.0821 agree=0.348 beta=1.00 states=960 decisions=3277 collect=3.6s train=2.1s
[iter 58] kl=0.0668 agree=0.380 beta=1.00 states=960 decisions=3228 collect=2.8s train=1.0s
[iter 59] kl=0.1084 agree=0.412 beta=1.00 states=960 decisions=3263 collect=2.8s train=1.0s
[iter 60] kl=0.0972 agree=0.414 beta=1.00 states=960 decisions=3217 collect=2.9s train=1.0s
[iter 61] kl=0.0603 agree=0.340 beta=1.00 states=960 decisions=3223 collect=2.8s train=0.9s
[iter 62] kl=0.0780 agree=0.354 beta=1.00 states=960 decisions=3239 collect=2.7s train=1.0s
[iter 63] kl=0.1098 agree=0.405 beta=1.00 states=960 decisions=3226 collect=2.9s train=1.0s
[iter 64] kl=0.1196 agree=0.416 beta=1.00 states=960 decisions=3210 collect=2.8s train=1.0s
[iter 65] kl=0.1004 agree=0.392 beta=1.00 states=960 decisions=3170 collect=3.2s train=3.0s
[iter 66] kl=0.1247 agree=0.381 beta=1.00 states=960 decisions=3201 collect=4.4s train=1.9s
[iter 67] kl=0.0747 agree=0.352 beta=1.00 states=960 decisions=3286 collect=4.5s train=1.9s
[iter 68] kl=0.0980 agree=0.411 beta=1.00 states=960 decisions=3241 collect=4.1s train=1.8s
[iter 69] kl=0.0679 agree=0.341 beta=1.00 states=960 decisions=3295 collect=4.4s train=2.0s
[iter 70] kl=0.0804 agree=0.378 beta=1.00 states=960 decisions=3289 collect=4.4s train=1.9s
[iter 71] kl=0.1021 agree=0.368 beta=1.00 states=960 decisions=3235 collect=5.5s train=1.8s
[iter 72] kl=0.0981 agree=0.377 beta=1.00 states=960 decisions=3236 collect=4.3s train=1.8s
[iter 73] kl=0.1104 agree=0.419 beta=1.00 states=960 decisions=3211 collect=4.2s train=1.8s
[iter 74] kl=0.0835 agree=0.383 beta=1.00 states=960 decisions=3334 collect=4.6s train=1.9s
[iter 74] checkpoint saved: checkpoints/20260910-121825-distill_iter75.pt

  student @ iter 75 - 100 greedy episodes vs each boss (44s)
boss           score      opp    margin    win   conn   zero
------------------------------------------------------------
level1          2927        0     +2927   1.00    63%     0%
level1Pro       2964       71     +2892   1.00    62%     0%
level2          4184     1939     +2245   0.97    95%     0%
level2Pro       4602     2808     +1794   0.89   100%     0%

[iter 75] kl=0.1101 agree=0.401 beta=1.00 states=960 decisions=3231 collect=4.2s train=1.4s
[iter 76] kl=0.0894 agree=0.406 beta=1.00 states=960 decisions=3169 collect=4.3s train=1.8s
[iter 77] kl=0.0959 agree=0.417 beta=1.00 states=960 decisions=3219 collect=4.2s train=2.0s
[iter 78] kl=0.0600 agree=0.332 beta=1.00 states=960 decisions=3248 collect=4.2s train=1.8s
[iter 79] kl=0.0966 agree=0.405 beta=1.00 states=960 decisions=3225 collect=4.6s train=2.9s
[iter 80] kl=0.0921 agree=0.392 beta=1.00 states=960 decisions=3231 collect=4.5s train=1.8s
[iter 81] kl=0.0929 agree=0.366 beta=1.00 states=960 decisions=3271 collect=4.2s train=1.9s
[iter 82] kl=0.0813 agree=0.373 beta=1.00 states=960 decisions=3240 collect=4.2s train=1.9s
[iter 83] kl=0.0674 agree=0.350 beta=1.00 states=960 decisions=3287 collect=4.4s train=1.9s
[iter 84] kl=0.0736 agree=0.348 beta=1.00 states=960 decisions=3245 collect=4.2s train=1.8s
[iter 85] kl=0.1268 agree=0.452 beta=1.00 states=960 decisions=3323 collect=5.6s train=1.8s
[iter 86] kl=0.0879 agree=0.386 beta=1.00 states=960 decisions=3198 collect=4.1s train=1.7s
[iter 87] kl=0.0777 agree=0.418 beta=1.00 states=960 decisions=3296 collect=4.3s train=1.8s
[iter 88] kl=0.1143 agree=0.460 beta=1.00 states=960 decisions=3219 collect=4.2s train=1.7s
[iter 89] kl=0.0740 agree=0.390 beta=1.00 states=960 decisions=3231 collect=4.4s train=1.7s
[iter 90] kl=0.1045 agree=0.379 beta=1.00 states=960 decisions=3296 collect=5.3s train=1.8s
[iter 91] kl=0.0663 agree=0.358 beta=1.00 states=960 decisions=3272 collect=4.0s train=1.7s
[iter 92] kl=0.0825 agree=0.365 beta=1.00 states=960 decisions=3188 collect=3.3s train=0.9s
[iter 93] kl=0.0730 agree=0.373 beta=1.00 states=960 decisions=3186 collect=2.6s train=1.3s
[iter 94] kl=0.1067 agree=0.433 beta=1.00 states=960 decisions=3216 collect=3.0s train=1.0s
[iter 95] kl=0.0751 agree=0.411 beta=1.00 states=960 decisions=3271 collect=2.8s train=1.3s
[iter 96] kl=0.1032 agree=0.418 beta=1.00 states=960 decisions=3285 collect=2.9s train=1.2s
[iter 97] kl=0.0941 agree=0.413 beta=1.00 states=960 decisions=3262 collect=4.1s train=1.2s
[iter 98] kl=0.0374 agree=0.323 beta=1.00 states=960 decisions=3249 collect=3.0s train=1.1s
[iter 99] kl=0.0938 agree=0.399 beta=1.00 states=960 decisions=3212 collect=2.7s train=1.3s
[iter 99] checkpoint saved: checkpoints/20260910-121825-distill_iter100.pt

  student @ iter 100 - 100 greedy episodes vs each boss (33s)
boss           score      opp    margin    win   conn   zero
------------------------------------------------------------
level1          3124        0     +3124   1.00    64%     0%
level1Pro       2878       69     +2809   1.00    60%     0%
level2          4338     2057     +2281   0.97    96%     0%
level2Pro       4553     2771     +1782   0.94   100%     0%

[iter 100] kl=0.0726 agree=0.357 beta=1.00 states=960 decisions=3226 collect=2.9s train=1.0s
[iter 101] kl=0.0927 agree=0.407 beta=1.00 states=960 decisions=3183 collect=2.9s train=1.1s
[iter 102] kl=0.0747 agree=0.333 beta=1.00 states=960 decisions=3201 collect=3.2s train=1.7s
[iter 103] kl=0.0862 agree=0.419 beta=1.00 states=960 decisions=3243 collect=4.5s train=1.8s
[iter 104] kl=0.0755 agree=0.383 beta=1.00 states=960 decisions=3235 collect=5.6s train=2.0s
[iter 105] kl=0.0822 agree=0.393 beta=1.00 states=960 decisions=3286 collect=4.5s train=1.8s
[iter 106] kl=0.0664 agree=0.386 beta=1.00 states=960 decisions=3269 collect=4.2s train=1.9s
[iter 107] kl=0.0817 agree=0.386 beta=1.00 states=960 decisions=3200 collect=4.5s train=1.7s
[iter 108] kl=0.0780 agree=0.377 beta=1.00 states=960 decisions=3257 collect=4.3s train=1.9s
[iter 109] kl=0.0925 agree=0.438 beta=1.00 states=960 decisions=3167 collect=4.4s train=3.1s
[iter 110] kl=0.0754 agree=0.391 beta=1.00 states=960 decisions=3258 collect=4.6s train=1.9s
[iter 111] kl=0.0831 agree=0.409 beta=1.00 states=960 decisions=3252 collect=4.5s train=1.8s
[iter 112] kl=0.0824 agree=0.398 beta=1.00 states=960 decisions=3261 collect=4.5s train=1.8s
[iter 113] kl=0.0874 agree=0.412 beta=1.00 states=960 decisions=3220 collect=4.3s train=2.0s
[iter 114] kl=0.0653 agree=0.355 beta=1.00 states=960 decisions=3256 collect=4.4s train=3.1s
[iter 115] kl=0.0694 agree=0.375 beta=1.00 states=960 decisions=3273 collect=4.1s train=1.9s
[iter 116] kl=0.0699 agree=0.392 beta=1.00 states=960 decisions=3175 collect=4.8s train=1.8s
[iter 117] kl=0.0605 agree=0.346 beta=1.00 states=960 decisions=3263 collect=4.4s train=1.8s
[iter 118] kl=0.0802 agree=0.391 beta=1.00 states=960 decisions=3183 collect=3.9s train=1.1s
[iter 119] kl=0.0766 agree=0.411 beta=1.00 states=960 decisions=3176 collect=2.9s train=1.0s
[iter 120] kl=0.0645 agree=0.390 beta=1.00 states=960 decisions=3235 collect=2.7s train=2.2s
[iter 121] kl=0.0735 agree=0.394 beta=1.00 states=960 decisions=3147 collect=2.9s train=1.0s
[iter 122] kl=0.0615 agree=0.367 beta=1.00 states=960 decisions=3278 collect=2.8s train=1.1s
[iter 123] kl=0.1043 agree=0.432 beta=1.00 states=960 decisions=3186 collect=3.0s train=1.0s
[iter 124] kl=0.0693 agree=0.382 beta=1.00 states=960 decisions=3224 collect=2.7s train=1.1s
[iter 124] checkpoint saved: checkpoints/20260910-121825-distill_iter125.pt

  student @ iter 125 - 100 greedy episodes vs each boss (40s)
boss           score      opp    margin    win   conn   zero
------------------------------------------------------------
level1          3035        0     +3035   1.00    64%     0%
level1Pro       3028       83     +2946   1.00    62%     0%
level2          4351     1941     +2410   0.98    97%     0%
level2Pro       4641     2759     +1883   0.94    99%     0%

[iter 125] kl=0.0874 agree=0.435 beta=1.00 states=960 decisions=3201 collect=4.6s train=1.7s
[iter 126] kl=0.0787 agree=0.413 beta=1.00 states=960 decisions=3198 collect=6.0s train=1.8s
[iter 127] kl=0.0855 agree=0.399 beta=1.00 states=960 decisions=3279 collect=4.7s train=2.0s
[iter 128] kl=0.0898 agree=0.427 beta=1.00 states=960 decisions=3253 collect=4.3s train=1.5s
[iter 129] kl=0.0737 agree=0.403 beta=1.00 states=960 decisions=3180 collect=2.9s train=1.0s
[iter 130] kl=0.0804 agree=0.418 beta=1.00 states=960 decisions=3270 collect=2.8s train=1.1s
[iter 131] kl=0.0722 agree=0.397 beta=1.00 states=960 decisions=3235 collect=3.4s train=1.4s
[iter 132] kl=0.0667 agree=0.378 beta=1.00 states=960 decisions=3085 collect=4.8s train=1.4s
[iter 133] kl=0.0810 agree=0.374 beta=1.00 states=960 decisions=3202 collect=3.6s train=1.3s
[iter 134] kl=0.0813 agree=0.407 beta=1.00 states=960 decisions=3190 collect=3.6s train=1.3s
[iter 135] kl=0.0508 agree=0.387 beta=1.00 states=960 decisions=3228 collect=3.6s train=1.4s
[iter 136] kl=0.0705 agree=0.350 beta=1.00 states=960 decisions=3268 collect=3.6s train=1.3s
[iter 137] kl=0.0650 agree=0.373 beta=1.00 states=960 decisions=3220 collect=3.8s train=1.4s
[iter 138] kl=0.0918 agree=0.419 beta=1.00 states=960 decisions=3149 collect=3.7s train=2.5s
[iter 139] kl=0.0809 agree=0.398 beta=1.00 states=960 decisions=3295 collect=3.7s train=1.3s
[iter 140] kl=0.0991 agree=0.436 beta=1.00 states=960 decisions=3256 collect=3.7s train=1.4s
[iter 141] kl=0.0850 agree=0.405 beta=1.00 states=960 decisions=3235 collect=3.5s train=1.4s
[iter 142] kl=0.0660 agree=0.363 beta=1.00 states=960 decisions=3282 collect=3.6s train=1.4s
[iter 143] kl=0.0810 agree=0.400 beta=1.00 states=960 decisions=3267 collect=3.6s train=1.5s
[iter 144] kl=0.0634 agree=0.364 beta=1.00 states=960 decisions=3163 collect=3.6s train=1.4s
[iter 145] kl=0.0806 agree=0.391 beta=1.00 states=960 decisions=3236 collect=5.0s train=1.4s
[iter 146] kl=0.0642 agree=0.376 beta=1.00 states=960 decisions=3253 collect=3.5s train=1.3s
[iter 147] kl=0.0617 agree=0.362 beta=1.00 states=960 decisions=3244 collect=3.6s train=1.2s
[iter 148] kl=0.0729 agree=0.381 beta=1.00 states=960 decisions=3285 collect=3.6s train=1.4s
[iter 149] kl=0.0652 agree=0.381 beta=1.00 states=960 decisions=3326 collect=3.7s train=1.4s
[iter 149] checkpoint saved: checkpoints/20260910-121825-distill_iter150.pt

  student @ iter 150 - 100 greedy episodes vs each boss (39s)
boss           score      opp    margin    win   conn   zero
------------------------------------------------------------
level1          3146        0     +3146   1.00    67%     0%
level1Pro       3068       82     +2986   1.00    65%     0%
level2          4416     1971     +2445   0.97    96%     0%
level2Pro       4620     2715     +1904   0.96    99%     0%

[iter 150] kl=0.0792 agree=0.378 beta=1.00 states=960 decisions=3216 collect=2.9s train=2.2s
[iter 151] kl=0.0765 agree=0.414 beta=1.00 states=960 decisions=3201 collect=2.8s train=1.0s
[iter 152] kl=0.0648 agree=0.386 beta=1.00 states=960 decisions=3261 collect=2.8s train=1.0s
[iter 153] kl=0.0662 agree=0.393 beta=1.00 states=960 decisions=3247 collect=2.9s train=1.1s
[iter 154] kl=0.0636 agree=0.384 beta=1.00 states=960 decisions=3262 collect=2.8s train=1.0s
[iter 155] kl=0.0588 agree=0.383 beta=1.00 states=960 decisions=3198 collect=3.3s train=1.1s
[iter 156] kl=0.0616 agree=0.378 beta=1.00 states=960 decisions=3180 collect=3.0s train=1.2s
[iter 157] kl=0.0472 agree=0.331 beta=1.00 states=960 decisions=3277 collect=3.2s train=1.2s
[iter 158] kl=0.0724 agree=0.428 beta=1.00 states=960 decisions=3241 collect=4.3s train=1.2s
[iter 159] kl=0.0606 agree=0.380 beta=1.00 states=960 decisions=3221 collect=3.0s train=1.1s
[iter 160] kl=0.0559 agree=0.370 beta=1.00 states=960 decisions=3259 collect=3.0s train=1.3s
[iter 161] kl=0.0612 agree=0.370 beta=1.00 states=960 decisions=3292 collect=3.0s train=1.0s
[iter 162] kl=0.0485 agree=0.359 beta=1.00 states=960 decisions=3252 collect=3.0s train=1.1s
[iter 163] kl=0.0746 agree=0.413 beta=1.00 states=960 decisions=3256 collect=3.0s train=1.1s
[iter 164] kl=0.1109 agree=0.431 beta=1.00 states=960 decisions=3265 collect=3.2s train=1.1s
[iter 165] kl=0.0548 agree=0.347 beta=1.00 states=960 decisions=3227 collect=2.9s train=1.2s
[iter 166] kl=0.0702 agree=0.376 beta=1.00 states=960 decisions=3289 collect=4.2s train=1.1s
[iter 167] kl=0.0840 agree=0.422 beta=1.00 states=960 decisions=3187 collect=3.1s train=1.1s
[iter 168] kl=0.0656 agree=0.378 beta=1.00 states=960 decisions=3236 collect=3.1s train=1.1s
[iter 169] kl=0.0646 agree=0.402 beta=1.00 states=960 decisions=3238 collect=3.0s train=1.1s
[iter 170] kl=0.0942 agree=0.415 beta=1.00 states=960 decisions=3202 collect=3.1s train=1.1s
[iter 171] kl=0.0814 agree=0.425 beta=1.00 states=960 decisions=3197 collect=2.9s train=1.2s
[iter 172] kl=0.0562 agree=0.372 beta=1.00 states=960 decisions=3248 collect=2.8s train=0.9s
[iter 173] kl=0.0678 agree=0.387 beta=1.00 states=960 decisions=3184 collect=2.8s train=1.1s
[iter 174] kl=0.0772 agree=0.424 beta=1.00 states=960 decisions=3223 collect=4.2s train=1.0s
[iter 174] checkpoint saved: checkpoints/20260910-121825-distill_iter175.pt

  student @ iter 175 - 100 greedy episodes vs each boss (33s)
boss           score      opp    margin    win   conn   zero
------------------------------------------------------------
level1          2988        0     +2988   0.99    62%     1%
level1Pro       2842       78     +2765   0.99    59%     1%
level2          4284     1998     +2286   0.96    98%     0%
level2Pro       4581     2800     +1781   0.96   100%     0%

[iter 175] kl=0.0588 agree=0.344 beta=1.00 states=960 decisions=3224 collect=2.8s train=1.1s
[iter 176] kl=0.0763 agree=0.404 beta=1.00 states=960 decisions=3202 collect=2.9s train=1.0s
[iter 177] kl=0.0609 agree=0.356 beta=1.00 states=960 decisions=3187 collect=2.8s train=1.0s
[iter 178] kl=0.0715 agree=0.410 beta=1.00 states=960 decisions=3205 collect=2.8s train=1.1s
[iter 179] kl=0.0663 agree=0.372 beta=1.00 states=960 decisions=3230 collect=2.8s train=1.0s
[iter 180] kl=0.0566 agree=0.387 beta=1.00 states=960 decisions=3221 collect=2.8s train=1.0s
[iter 181] kl=0.0817 agree=0.420 beta=1.00 states=960 decisions=3245 collect=2.9s train=1.0s
[iter 182] kl=0.0663 agree=0.364 beta=1.00 states=960 decisions=3295 collect=2.7s train=2.5s
[iter 183] kl=0.0689 agree=0.374 beta=1.00 states=960 decisions=3231 collect=3.0s train=1.2s
[iter 184] kl=0.0825 agree=0.396 beta=1.00 states=960 decisions=3239 collect=3.0s train=1.0s
[iter 185] kl=0.0951 agree=0.423 beta=1.00 states=960 decisions=3184 collect=2.8s train=1.0s
[iter 186] kl=0.0964 agree=0.416 beta=1.00 states=960 decisions=3245 collect=2.9s train=1.1s
[iter 187] kl=0.0996 agree=0.426 beta=1.00 states=960 decisions=3274 collect=2.9s train=1.0s
[iter 188] kl=0.0795 agree=0.403 beta=1.00 states=960 decisions=3291 collect=2.7s train=1.0s
[iter 189] kl=0.1079 agree=0.407 beta=1.00 states=960 decisions=3291 collect=2.8s train=1.1s
[iter 190] kl=0.0821 agree=0.372 beta=1.00 states=960 decisions=3157 collect=2.7s train=2.3s
[iter 191] kl=0.0895 agree=0.398 beta=1.00 states=960 decisions=3260 collect=2.8s train=1.0s
[iter 192] kl=0.0562 agree=0.350 beta=1.00 states=960 decisions=3137 collect=2.5s train=1.0s
[iter 193] kl=0.0785 agree=0.402 beta=1.00 states=960 decisions=3232 collect=2.6s train=0.9s
[iter 194] kl=0.0826 agree=0.392 beta=1.00 states=960 decisions=3166 collect=2.5s train=0.9s
[iter 195] kl=0.0773 agree=0.406 beta=1.00 states=960 decisions=3215 collect=2.7s train=1.0s
[iter 196] kl=0.0894 agree=0.434 beta=1.00 states=960 decisions=3108 collect=2.6s train=1.0s
[iter 197] kl=0.0827 agree=0.388 beta=1.00 states=960 decisions=3228 collect=2.9s train=1.1s
[iter 198] kl=0.0504 agree=0.380 beta=1.00 states=960 decisions=3146 collect=2.8s train=1.2s
[iter 199] kl=0.0641 agree=0.389 beta=1.00 states=960 decisions=3152 collect=4.5s train=1.2s
[iter 199] checkpoint saved: checkpoints/20260910-121825-distill_iter200.pt

  student @ iter 200 - 100 greedy episodes vs each boss (33s)
boss           score      opp    margin    win   conn   zero
------------------------------------------------------------
level1          2973        0     +2973   1.00    62%     0%
level1Pro       2902       75     +2828   1.00    61%     0%
level2          4239     1942     +2297   0.96    96%     0%
level2Pro       4572     2785     +1788   0.95    99%     0%

[iter 200] kl=0.0894 agree=0.433 beta=1.00 states=960 decisions=3190 collect=3.0s train=1.1s
[iter 201] kl=0.0754 agree=0.362 beta=1.00 states=960 decisions=3197 collect=2.8s train=1.1s
[iter 202] kl=0.0688 agree=0.396 beta=1.00 states=960 decisions=3157 collect=2.7s train=1.0s
[iter 203] kl=0.0748 agree=0.396 beta=1.00 states=960 decisions=3206 collect=2.7s train=1.0s
[iter 204] kl=0.0930 agree=0.389 beta=1.00 states=960 decisions=3216 collect=2.8s train=1.0s
[iter 205] kl=0.0605 agree=0.349 beta=1.00 states=960 decisions=3205 collect=2.5s train=1.0s
[iter 206] kl=0.0869 agree=0.387 beta=1.00 states=960 decisions=3196 collect=2.7s train=1.0s
[iter 207] kl=0.0801 agree=0.434 beta=1.00 states=960 decisions=3144 collect=2.7s train=1.2s
[iter 208] kl=0.0856 agree=0.426 beta=1.00 states=960 decisions=3200 collect=4.4s train=1.2s
[iter 209] kl=0.1026 agree=0.411 beta=1.00 states=960 decisions=3231 collect=2.9s train=1.3s
[iter 210] kl=0.0854 agree=0.390 beta=1.00 states=960 decisions=3258 collect=2.8s train=1.2s
[iter 211] kl=0.1018 agree=0.436 beta=1.00 states=960 decisions=3254 collect=2.5s train=1.1s
[iter 212] kl=0.0524 agree=0.361 beta=1.00 states=960 decisions=3213 collect=2.6s train=1.2s
[iter 213] kl=0.1077 agree=0.436 beta=1.00 states=960 decisions=3318 collect=2.6s train=1.3s
[iter 214] kl=0.1208 agree=0.467 beta=1.00 states=960 decisions=3223 collect=2.7s train=1.0s
[iter 215] kl=0.0590 agree=0.350 beta=1.00 states=960 decisions=3210 collect=2.7s train=0.9s
[iter 216] kl=0.0916 agree=0.410 beta=1.00 states=960 decisions=3290 collect=4.5s train=1.1s
[iter 217] kl=0.0878 agree=0.405 beta=1.00 states=960 decisions=3251 collect=2.8s train=1.1s
[iter 218] kl=0.0901 agree=0.403 beta=1.00 states=960 decisions=3190 collect=2.9s train=1.0s
[iter 219] kl=0.0737 agree=0.352 beta=1.00 states=960 decisions=3180 collect=2.7s train=1.1s
[iter 220] kl=0.0822 agree=0.405 beta=1.00 states=960 decisions=3205 collect=2.7s train=1.1s
[iter 221] kl=0.0940 agree=0.392 beta=1.00 states=960 decisions=3236 collect=3.1s train=1.0s
[iter 222] kl=0.0818 agree=0.420 beta=1.00 states=960 decisions=3228 collect=2.6s train=1.2s
[iter 223] kl=0.0751 agree=0.413 beta=1.00 states=960 decisions=3177 collect=2.8s train=1.1s
[iter 224] kl=0.0655 agree=0.348 beta=1.00 states=960 decisions=3178 collect=2.9s train=2.8s
[iter 224] checkpoint saved: checkpoints/20260910-121825-distill_iter225.pt

  student @ iter 225 - 100 greedy episodes vs each boss (34s)
boss           score      opp    margin    win   conn   zero
------------------------------------------------------------
level1          2930        0     +2930   1.00    63%     0%
level1Pro       2797       80     +2718   1.00    59%     0%
level2          4344     2050     +2293   0.94    98%     0%
level2Pro       4510     2802     +1708   0.92   100%     0%

[iter 225] kl=0.0768 agree=0.409 beta=1.00 states=960 decisions=3274 collect=4.0s train=1.2s
[iter 226] kl=0.0664 agree=0.361 beta=1.00 states=960 decisions=3194 collect=2.8s train=1.0s
[iter 227] kl=0.0915 agree=0.422 beta=1.00 states=960 decisions=3222 collect=2.8s train=1.1s
[iter 228] kl=0.0899 agree=0.421 beta=1.00 states=960 decisions=3299 collect=2.8s train=1.2s
[iter 229] kl=0.0919 agree=0.411 beta=1.00 states=960 decisions=3237 collect=2.8s train=1.0s
[iter 230] kl=0.0679 agree=0.383 beta=1.00 states=960 decisions=3241 collect=2.8s train=1.0s
[iter 231] kl=0.0987 agree=0.439 beta=1.00 states=960 decisions=3309 collect=3.1s train=1.2s
[iter 232] kl=0.1071 agree=0.449 beta=1.00 states=960 decisions=3148 collect=4.3s train=0.9s
[iter 233] kl=0.0876 agree=0.404 beta=1.00 states=960 decisions=3209 collect=2.7s train=1.0s
[iter 234] kl=0.0982 agree=0.430 beta=1.00 states=960 decisions=3212 collect=2.7s train=1.1s
[iter 235] kl=0.1072 agree=0.427 beta=1.00 states=960 decisions=3244 collect=2.7s train=0.9s
[iter 236] kl=0.0668 agree=0.371 beta=1.00 states=960 decisions=3241 collect=2.7s train=1.0s
[iter 237] kl=0.0847 agree=0.364 beta=1.00 states=960 decisions=3253 collect=2.7s train=1.0s
[iter 238] kl=0.0986 agree=0.424 beta=1.00 states=960 decisions=3278 collect=2.7s train=1.2s
[iter 239] kl=0.0682 agree=0.392 beta=1.00 states=960 decisions=3185 collect=2.7s train=1.1s
[iter 240] kl=0.1004 agree=0.406 beta=1.00 states=960 decisions=3238 collect=2.9s train=1.0s
[iter 241] kl=0.0894 agree=0.422 beta=1.00 states=960 decisions=3193 collect=4.6s train=1.2s
[iter 242] kl=0.0975 agree=0.424 beta=1.00 states=960 decisions=3253 collect=2.9s train=1.0s
[iter 243] kl=0.0810 agree=0.367 beta=1.00 states=960 decisions=3295 collect=2.5s train=1.0s
[iter 244] kl=0.0693 agree=0.367 beta=1.00 states=960 decisions=3181 collect=2.5s train=1.0s
[iter 245] kl=0.1135 agree=0.407 beta=1.00 states=960 decisions=3234 collect=2.6s train=1.0s
[iter 246] kl=0.0844 agree=0.392 beta=1.00 states=960 decisions=3226 collect=2.6s train=1.0s
[iter 247] kl=0.1081 agree=0.405 beta=1.00 states=960 decisions=3254 collect=2.7s train=1.0s
[iter 248] kl=0.0684 agree=0.380 beta=1.00 states=960 decisions=3191 collect=2.5s train=0.9s
[iter 249] kl=0.0874 agree=0.413 beta=1.00 states=960 decisions=3202 collect=2.6s train=2.6s
[iter 249] checkpoint saved: checkpoints/20260910-121825-distill_iter250.pt

  student @ iter 250 - 100 greedy episodes vs each boss (30s)
boss           score      opp    margin    win   conn   zero
------------------------------------------------------------
level1          2982        0     +2982   1.00    62%     0%
level1Pro       3025       76     +2949   1.00    61%     0%
level2          4263     2041     +2221   0.99    97%     0%
level2Pro       4560     2780     +1780   0.95    99%     0%

[iter 250] kl=0.0946 agree=0.403 beta=1.00 states=960 decisions=3282 collect=4.7s train=1.0s
[iter 251] kl=0.0960 agree=0.378 beta=1.00 states=960 decisions=3279 collect=2.9s train=1.1s
[iter 252] kl=0.1012 agree=0.423 beta=1.00 states=960 decisions=3198 collect=2.7s train=0.9s
[iter 253] kl=0.1137 agree=0.426 beta=1.00 states=960 decisions=3214 collect=2.6s train=1.0s
[iter 254] kl=0.0886 agree=0.415 beta=1.00 states=960 decisions=3179 collect=2.6s train=0.9s
[iter 255] kl=0.1302 agree=0.436 beta=1.00 states=960 decisions=3289 collect=2.8s train=1.0s
[iter 256] kl=0.1212 agree=0.461 beta=1.00 states=960 decisions=3187 collect=2.7s train=0.9s
[iter 257] kl=0.1160 agree=0.436 beta=1.00 states=960 decisions=3209 collect=2.8s train=1.0s
[iter 258] kl=0.1302 agree=0.406 beta=1.00 states=960 decisions=3230 collect=3.0s train=1.0s
[iter 259] kl=0.0731 agree=0.373 beta=1.00 states=960 decisions=3156 collect=4.2s train=1.0s
[iter 260] kl=0.0857 agree=0.415 beta=1.00 states=960 decisions=3183 collect=2.7s train=1.0s
[iter 261] kl=0.0797 agree=0.383 beta=1.00 states=960 decisions=3181 collect=2.6s train=1.0s
[iter 262] kl=0.0830 agree=0.408 beta=1.00 states=960 decisions=3176 collect=2.8s train=1.0s
[iter 263] kl=0.1088 agree=0.400 beta=1.00 states=960 decisions=3148 collect=2.8s train=0.9s
[iter 264] kl=0.0948 agree=0.411 beta=1.00 states=960 decisions=3262 collect=2.8s train=1.0s
[iter 265] kl=0.0932 agree=0.405 beta=1.00 states=960 decisions=3155 collect=2.7s train=1.0s
[iter 266] kl=0.0990 agree=0.391 beta=1.00 states=960 decisions=3214 collect=2.7s train=0.9s
[iter 267] kl=0.0855 agree=0.409 beta=1.00 states=960 decisions=3225 collect=2.7s train=2.3s
[iter 268] kl=0.0825 agree=0.385 beta=1.00 states=960 decisions=3152 collect=2.8s train=1.0s
[iter 269] kl=0.0798 agree=0.357 beta=1.00 states=960 decisions=3282 collect=2.6s train=1.0s
[iter 270] kl=0.0742 agree=0.341 beta=1.00 states=960 decisions=3227 collect=2.7s train=1.0s
[iter 271] kl=0.1105 agree=0.389 beta=1.00 states=960 decisions=3146 collect=2.8s train=1.0s
[iter 272] kl=0.1195 agree=0.412 beta=1.00 states=960 decisions=3208 collect=2.6s train=0.9s
[iter 273] kl=0.1025 agree=0.387 beta=1.00 states=960 decisions=3251 collect=2.7s train=1.0s
[iter 274] kl=0.1089 agree=0.404 beta=1.00 states=960 decisions=3260 collect=2.9s train=1.0s
[iter 274] checkpoint saved: checkpoints/20260910-121825-distill_iter275.pt

  student @ iter 275 - 100 greedy episodes vs each boss (30s)
boss           score      opp    margin    win   conn   zero
------------------------------------------------------------
level1          3014        0     +3014   1.00    61%     0%
level1Pro       2916       72     +2844   1.00    60%     0%
level2          4390     2003     +2388   0.95    97%     0%
level2Pro       4655     2810     +1845   0.93   100%     0%

[iter 275] kl=0.1034 agree=0.396 beta=1.00 states=960 decisions=3228 collect=2.7s train=1.2s
[iter 276] kl=0.0973 agree=0.395 beta=1.00 states=960 decisions=3220 collect=2.7s train=1.2s
[iter 277] kl=0.1014 agree=0.381 beta=1.00 states=960 decisions=3181 collect=4.2s train=1.3s
[iter 278] kl=0.0715 agree=0.338 beta=1.00 states=960 decisions=3203 collect=2.8s train=1.2s
[iter 279] kl=0.1169 agree=0.396 beta=1.00 states=960 decisions=3297 collect=2.6s train=1.3s
[iter 280] kl=0.0955 agree=0.375 beta=1.00 states=960 decisions=3189 collect=2.6s train=1.1s
[iter 281] kl=0.1414 agree=0.409 beta=1.00 states=960 decisions=3202 collect=2.6s train=0.9s
[iter 282] kl=0.0912 agree=0.399 beta=1.00 states=960 decisions=3247 collect=2.7s train=0.9s
[iter 283] kl=0.1362 agree=0.390 beta=1.00 states=960 decisions=3256 collect=2.6s train=0.9s
[iter 284] kl=0.1127 agree=0.390 beta=1.00 states=960 decisions=3196 collect=2.6s train=0.9s
[iter 285] kl=0.0994 agree=0.403 beta=1.00 states=960 decisions=3222 collect=2.7s train=2.4s
[iter 286] kl=0.0946 agree=0.362 beta=1.00 states=960 decisions=3194 collect=2.6s train=0.9s
[iter 287] kl=0.0898 agree=0.347 beta=1.00 states=960 decisions=3221 collect=2.6s train=0.9s
[iter 288] kl=0.1380 agree=0.431 beta=1.00 states=960 decisions=3198 collect=2.6s train=1.0s
[iter 289] kl=0.1299 agree=0.392 beta=1.00 states=960 decisions=3214 collect=2.6s train=1.2s
[iter 290] kl=0.1100 agree=0.354 beta=1.00 states=960 decisions=3158 collect=2.7s train=1.2s
[iter 291] kl=0.1143 agree=0.379 beta=1.00 states=960 decisions=3244 collect=2.7s train=1.1s
[iter 292] kl=0.1424 agree=0.393 beta=1.00 states=960 decisions=3192 collect=2.6s train=1.2s
[iter 293] kl=0.1320 agree=0.372 beta=1.00 states=960 decisions=3219 collect=2.7s train=1.2s
[iter 294] kl=0.1654 agree=0.366 beta=1.00 states=960 decisions=3134 collect=4.1s train=1.1s
[iter 295] kl=0.1357 agree=0.389 beta=1.00 states=960 decisions=3222 collect=2.8s train=1.2s
[iter 296] kl=0.1289 agree=0.361 beta=1.00 states=960 decisions=3115 collect=2.7s train=0.9s
[iter 297] kl=0.1726 agree=0.402 beta=1.00 states=960 decisions=3247 collect=2.7s train=0.9s
[iter 298] kl=0.1173 agree=0.367 beta=1.00 states=960 decisions=3312 collect=2.7s train=0.9s
[iter 299] kl=0.1517 agree=0.372 beta=1.00 states=960 decisions=3230 collect=2.6s train=1.0s
[iter 299] checkpoint saved: checkpoints/20260910-121825-distill_iter300.pt

  student @ iter 300 - 100 greedy episodes vs each boss (32s)
boss           score      opp    margin    win   conn   zero
------------------------------------------------------------
level1          3125        0     +3125   1.00    65%     0%
level1Pro       3229       89     +3140   1.00    67%     0%
level2          4399     1968     +2431   0.98    97%     0%
level2Pro       4594     2726     +1868   0.98    99%     0%

